SQL> 
SQL> -- STEP 1: Create relational schema
SQL> @schema
SQL> /**
SQL> * CSE373 - Introduction to Databases - Project
SQL> * ============================================
SQL> * Name: Cole Johnson
SQL> * Due Date: 5/2/2026
SQL> *
SQL> * I certify that this assignment has been
SQL> * completed by myself.
SQL> **/
SQL> 
SQL> create table member(
  2    member_id    DECIMAL(7,0) NOT NULL, -- 4 digits, no digits after the decimal place
  3    fname	    VARCHAR(20) NOT NULL,
  4    lname	    VARCHAR(20) NOT NULL,
  5    email	    VARCHAR(30) NOT NULL,
  6    zip	    DECIMAL(5,0) NOT NULL, -- NOTE: VARCHAR might also be acceptable
  7    street	    VARCHAR(20) NOT NULL,
  8    city	    VARCHAR(20) NOT NULL,
  9    member_expr  DATE NOT NULL, -- NOTE: When the member's expiration date is
 10    date_joined  DATE NOT NULL,
 11    date_of_record DATE NOT NULL, -- NOTE: When we first learned this info
 12    -- NOTE: Tracks the standing of each member
 13    standing     VARCHAR(20) NOT NULL CHECK (standing in ('good', 'poor')),
 14    CONSTRAINT member_pk PRIMARY KEY (member_id), -- primary key constraint
 15    CONSTRAINT has_member_id_prefix CHECK (member_id LIKE '900%') -- make sure each ID has 900 prefix
 16    -- NOTE: last name and first can also be used for identification, put ID is preferred and designated as key
 17  );

Table created.

SQL> 
SQL> create table school(
  2    school_name	VARCHAR(20) NOT NULL,
  3    principle_lname	VARCHAR(20) NOT NULL,
  4    principle_fname	VARCHAR(20) NOT NULL,
  5    is_middleschool	CHAR(1) NOT NULL CHECK (is_middleschool in ('y', 'n')),
  6    is_highschool	CHAR(1) NOT NULL CHECK (is_highschool in ('y', 'n')),
  7    CONSTRAINT school_pk PRIMARY KEY (school_name) -- school name is unique
  8  );

Table created.

SQL> 
SQL> -- Tracks volunteered members to be a school liason
SQL> create table volunteer_liason(
  2    member_id   DECIMAL(7,0) NOT NULL,
  3    school_name VARCHAR(20) NOT NULL,
  4    CONSTRAINT volunteer_liason_member_fk FOREIGN KEY (member_id) REFERENCES member(member_id),
  5    CONSTRAINT volunteer_liason_school_fk FOREIGN KEY (school_name) REFERENCES school(school_name),
  6    CONSTRAINT volunteer_liason_pk PRIMARY KEY (member_id, school_name)
  7  );

Table created.

SQL> 
SQL> -- Tracks appointed member to be a school liason
SQL> -- NOTE: From ER diagram, this relationship has all partial participation
SQL> -- so we need to invest in a separate a
SQL> create table liason(
  2    member_id   DECIMAL(7,0) NOT NULL,
  3    school_name VARCHAR(20) NOT NULL,
  4    CONSTRAINT liason_member_fk FOREIGN KEY (member_id) REFERENCES member(member_id),
  5    CONSTRAINT liason_school_fk FOREIGN KEY (school_name) REFERENCES school(school_name),
  6    CONSTRAINT liason_pk PRIMARY KEY (member_id),
  7    CONSTRAINT school_name_unique UNIQUE(school_name) -- NOTE: constraint is to limit multiple associations
  8  );

Table created.

SQL> 
SQL> create table parent(
  2    member_id DECIMAL(7,0) NOT NULL, -- parent id references foregin key of memeber
  3    CONSTRAINT parent_pk PRIMARY KEY (member_id),
  4    CONSTRAINT parent_member_fk FOREIGN KEY (member_id) REFERENCES member(member_id)
  5  	 INITIALLY DEFERRED DEFERRABLE
  6  );

Table created.

SQL> 
SQL> 
SQL> create table member_child(
  2    member_id      DECIMAL(7,0) NOT NULL,
  3    child_fname    VARCHAR(20) NOT NULL,
  4    child_lname    VARCHAR(20) NOT NULL,
  5    school_name    VARCHAR(20) NOT NULL,
  6    date_of_record DATE NOT NULL, -- NOTE: When this info was learned and put inside database
  7    CONSTRAINT member_child_pk PRIMARY KEY(child_fname, child_lname, member_id),
  8    CONSTRAINT member_child_member_fk FOREIGN KEY (member_id) REFERENCES parent(member_id)
  9  	 INITIALLY DEFERRED DEFERRABLE,
 10    CONSTRAINT member_child_school_fk FOREIGN KEY (school_name) REFERENCES school(school_name)
 11  	 INITIALLY DEFERRED DEFERRABLE
 12  );

Table created.

SQL> 
SQL> 
SQL> /**
SQL> * Educator Relation
SQL> *
SQL> * == NOTES AND REASONING FOR THIS RELATIONAL SCHEMA ==
SQL> * I feel like collapsing the teacher and admin subclasses into
SQL> * single relation needs some further justification, since
SQL> * there are a other ways we could represent these entities.
SQL> *
SQL> * The main reason is decided to collapse the subclassing entities
SQL> * was to improve queries involving all educator, avoiding many joins
SQL> * on tables with few attributes.
SQL> */
SQL> create table educator(
  2    member_id   DECIMAL(7,0) NOT NULL, -- parent id references foregin key of memeber
  3    is_teacher  CHAR(1) NOT NULL CHECK (is_teacher in ('y', 'n')), -- NOTE: collasping educator subclasses via boolean flags
  4    is_admin    CHAR(1) NOT NULL CHECK (is_admin in ('y', 'n')),
  5    school_name VARCHAR(20) NOT NULL,
  6    -- NOTE: Field is for educators that either teach or taught math or science, look at constraints to see how I enforce this
  7    teach_sci_or_math VARCHAR(20) NOT NULL CHECK (teach_sci_or_math in ('science', 'math', 'both', 'none')),
  8    CONSTRAINT educator_pk PRIMARY KEY (member_id),
  9    CONSTRAINT educator_member_fk FOREIGN KEY (member_id) REFERENCES member(member_id),
 10    CONSTRAINT educator_school_fk FOREIGN KEY (school_name) REFERENCES school(school_name),
 11    CONSTRAINT admin_teaher_disjoint_and_total_coverage CHECK ((is_teacher = 'n' AND is_admin = 'y')
 12  	 OR (is_teacher = 'y' AND is_admin = 'n')), -- NOTE: each educator instance must either be admin or teacher, cannot overlap and cannot be a different instance
 13    -- NOTE: administrators do not teach subjects, must be none
 14    CONSTRAINT admin_does_not_teach CHECK
 15    ((is_admin = 'y' AND teach_sci_or_math = 'none')
 16  	 OR is_teacher = 'y')
 17  );

Table created.

SQL> 
SQL> 
SQL> -- TODO: Create integrity constraint that says only one role can be occupied at a time
SQL> create table board_member(
  2    member_id DECIMAL(7,0) NOT NULL, -- parent id references foregin key of memeber
  3    role	 VARCHAR(13) CHECK (role in ('president', 'secretary', 'treasurer', 'data manager')),
  4    CONSTRAINT board_mem_pk PRIMARY KEY (member_id),
  5    CONSTRAINT board_mem_member_fk FOREIGN KEY (member_id) REFERENCES member(member_id),
  6    CONSTRAINT board_mem_role_unique UNIQUE(role) -- NOTE: ensures there is only one board member assigned to a role
  7  );

Table created.

SQL> 
SQL> create table meeting(
  2    meet_location VARCHAR(20) NOT NULL,
  3    meet_date     VARCHAR(20) NOT NULL,
  4    member_id     DECIMAL(7,0) NOT NULL,
  5    CONSTRAINT meeting_pk PRIMARY KEY (meet_location, meet_date),
  6    CONSTRAINT meeting_board_mem_fk FOREIGN KEY (member_id) REFERENCES board_member(member_id)
  7  );

Table created.

SQL> 
SQL> create table non_member(
  2    fname	      VARCHAR(20) NOT NULL, -- NOTE: Maybe I should prefix this to avoid unwanted natural joins
  3    lname	      VARCHAR(20) NOT NULL,
  4    email	      VARCHAR(20) NOT NULL,
  5    zip	      DECIMAL(5,0) NOT NULL, -- NOTE: VARCHAR might also be acceptable, but decimal is easier for comparison
  6    street	      VARCHAR(20) NOT NULL,
  7    city	      VARCHAR(20) NOT NULL,
  8    date_of_record DATE NOT NULL, -- NOTE: When we first learned this info
  9    CONSTRAINT non_member_pk PRIMARY KEY (fname, lname, email)
 10  );

Table created.

SQL> 
SQL> create table non_member_child(
  2    non_mem_fname VARCHAR(20) NOT NULL,
  3    non_mem_lname VARCHAR(20) NOT NULL,
  4    non_mem_email VARCHAR(20) NOT NULL,
  5    child_fname   VARCHAR(20) NOT NULL,
  6    child_lname   VARCHAR(20) NOT NULL,
  7    school_name   VARCHAR(20) NOT NULL,
  8    CONSTRAINT non_member_child_school_fk FOREIGN KEY (school_name)
  9  	 REFERENCES school(school_name),
 10    CONSTRAINT non_member_non_member_child_fk FOREIGN KEY (non_mem_fname,
 11  	 non_mem_lname, non_mem_email) REFERENCES non_member(fname, lname, email)
 12  );

Table created.

SQL> 
SQL> create table visitor(
  2    fname	     VARCHAR(20) NOT NULL, -- NOTE: maybe I should prefix this to avoid unwanted natural joins
  3    lname	     VARCHAR(20) NOT NULL,
  4    email	     VARCHAR(20) NOT NULL,
  5    meet_location VARCHAR(20) NOT NULL,
  6    meet_date     VARCHAR(20) NOT NULL,
  7    member_id     DECIMAL(7,0) NOT NULL,
  8    CONSTRAINT visitor_non_mem_fk FOREIGN KEY (fname, lname, email)
  9  	 REFERENCES non_member(fname, lname, email),
 10    CONSTRAINT visitor_meeting_fk FOREIGN KEY (meet_location, meet_date)
 11  	 REFERENCES meeting(meet_location, meet_date),
 12  	-- NOTE: This is a very big and complex primary key
 13    CONSTRAINT visitor_pk PRIMARY KEY (fname, lname, email, meet_date, meet_location)
 14    -- TODO: This relation needs two inclusion dependencies, likely deferrable until commit
 15  );

Table created.

SQL> 
SQL> -- STEP 2: Populate database
SQL> @populate
SQL> /**
SQL> * CSE373 - Introduction to Databases - Project
SQL> * ============================================
SQL> * Name: Cole Johnson
SQL> * Due Date: 5/2/2026
SQL> *
SQL> * I certify that this assignment has been
SQL> * completed by myself.
SQL> **/
SQL> 
SQL> -- NOTE: Needed for some insertions due to mutual constraints.
SQL> -- Mostly this is needed for inclusion dependency which
SQL> -- often create mutual constraints on some relations.
SQL> SET AUTOCOMMIT OFF;
SQL> 
SQL> 
SQL> /* INSERT 1: Create a school */
SQL> INSERT INTO school
  2  VALUES('abott middle', 'george', 'foreman','n', 'y');

1 row created.

SQL> 
SQL> INSERT INTO school
  2  VALUES('abott high', 'joerge', 'beforeman', 'y', 'n');

1 row created.

SQL> 
SQL> 
SQL> /* INSERT 2: Member that is only a parent */
SQL> INSERT INTO member
  2  VALUES(900001, 'daniel', 'plainview', 'dplain@gmail.com', 87801,
  3    '1 leroy dr.', 'socorro', TO_DATE('2026-05-11', 'YYYY-MM-DD'),
  4    TO_DATE('2023-05-11', 'YYYY-MM-DD'), SYSDATE, 'good');

1 row created.

SQL> 
SQL> -- Add to parent relation
SQL> INSERT INTO parent
  2  VALUES(900001);

1 row created.

SQL> 
SQL> -- Add child in member_child relation
SQL> INSERT INTO member_child
  2  VALUES(900001, 'h.w.', 'plainview', 'abott middle', SYSDATE);

1 row created.

SQL> 
SQL> /* INSERT 3: Another member that is only a parent */
SQL> 
SQL> INSERT INTO member
  2  VALUES(900002, 'royal', 'tennenbaum', 'royalt@gmail.com', 87801,
  3    '1 leroy dr.', 'socorro', TO_DATE('2026-04-01', 'YYYY-MM-DD'),
  4    TO_DATE('2023-04-01', 'YYYY-MM-DD'), SYSDATE, 'poor');

1 row created.

SQL> 
SQL> -- Add to parent relation
SQL> INSERT INTO parent
  2  VALUES(900002);

1 row created.

SQL> 
SQL> -- Add child in member_child relation
SQL> INSERT INTO member_child
  2  VALUES(900002, 'richie', 'tennenbaum', 'abott middle', SYSDATE);

1 row created.

SQL> 
SQL> /* INSERT 4: Member that is only an educator */
SQL> 
SQL> INSERT INTO member
  2  VALUES(900003, 'gary', 'garyson', 'ggary@gary.com', 87801, '2 leroy dr.', 'socorro',
  3   TO_DATE('2026-05-26', 'YYYY-MM-DD'), TO_DATE('2016-05-26', 'YYYY-MM-DD'),
  4   SYSDATE, 'good');

1 row created.

SQL> 
SQL> -- Insert educator portion, this time it's a school admin
SQL> INSERT INTO educator
  2  VALUES(900003, 'n', 'y', 'abott high', 'none');

1 row created.

SQL> 
SQL> /* INSERT 5: Member that is both a parent and an educator */
SQL> INSERT INTO member
  2  VALUES(900004, 'john', 'johnson', 'jjohn@john.com', 87801, '3 leroy dr.', 'socorro',
  3   TO_DATE('2026-11-11', 'YYYY-MM-DD'), TO_DATE('2016-11-11', 'YYYY-MM-DD'),
  4   SYSDATE, 'good');

1 row created.

SQL> 
SQL> -- Create parent info
SQL> INSERT INTO member_child
  2  VALUES(900004, 'john jr.', 'johnson', 'abott middle', SYSDATE);

1 row created.

SQL> 
SQL> -- Create parent info
SQL> INSERT INTO parent
  2  VALUES(900004);

1 row created.

SQL> 
SQL> -- Create educator info
SQL> INSERT INTO educator
  2  VALUES(900004, 'y', 'n', 'abott high', 'science');

1 row created.

SQL> 
SQL> /* INSERT 6: Member that is both a parent and an educator */
SQL> 
SQL> INSERT INTO member
  2  VALUES(900005, 'cole', 'coleson', 'cole@c.com', 87801, '4 leroy dr.', 'socorro',
  3   TO_DATE('2027-3-11', 'YYYY-MM-DD'), TO_DATE('2016-3-11', 'YYYY-MM-DD'),
  4   SYSDATE, 'good');

1 row created.

SQL> 
SQL> -- Create parent info
SQL> INSERT INTO member_child
  2  VALUES(900005, 'cole jr.', 'coleson', 'abott high', SYSDATE);

1 row created.

SQL> 
SQL> INSERT INTO member_child
  2  VALUES(900005, 'cole jr. II', 'coleson', 'abott high', SYSDATE);

1 row created.

SQL> 
SQL> -- Create parent info
SQL> INSERT INTO parent
  2  VALUES(900005);

1 row created.

SQL> 
SQL> -- Create educator info
SQL> INSERT INTO educator
  2  VALUES(900005, 'y', 'n', 'abott high', 'science');

1 row created.

SQL> 
SQL> /*INSERT 7: Create some board members */
SQL> 
SQL> INSERT INTO member
  2  VALUES(900006, 'elizabeth', 'holmes', 'eholmes@theranos.com',
  3    87801, '5 leroy dr.', 'socorro',
  4    TO_DATE('2026-05-05', 'YYYY-MM-DD'), TO_DATE('2022-05-05', 'YYYY-MM-DD'),
  5    SYSDATE, 'good');

1 row created.

SQL> 
SQL> INSERT INTO board_member
  2  VALUES(900006, 'president');

1 row created.

SQL> 
SQL> INSERT INTO educator
  2  VALUES(900006,'y', 'n', 'abott high', 'math');

1 row created.

SQL> 
SQL> /* INSERT 8: Create meeting organized by president holmes */
SQL> INSERT INTO meeting
  2  VALUES('fire and ice coffee', TO_DATE('2026-05-03', 'YYYY-MM-DD'),
  3    900006);

1 row created.

SQL> 
SQL> /* INSERT 9: Create non-member with the same name and email addr as member */
SQL> INSERT INTO non_member
  2  VALUES('elizabeth', 'holmes', 'eholmes@theranos.com',
  3    87801, '5 leroy dr.', 'socorro', SYSDATE);

1 row created.

SQL> 
SQL> -- IDK fake elizabeth holmes attends the meeting
SQL> INSERT INTO visitor
  2  VALUES('elizabeth', 'holmes', 'eholmes@theranos.com',
  3    'fire and ice coffee', TO_DATE('2026-05-03', 'YYYY-MM-DD'),
  4    900006);

1 row created.

SQL> 
SQL> /* INSERT 9: Create a member with the same name and addr as another */
SQL> 
SQL> INSERT INTO member
  2  VALUES(900007, 'cole', 'coleson', 'cole@c.com', 87801, '5 leroy dr.', 'socorro',
  3   TO_DATE('2027-3-11', 'YYYY-MM-DD'), TO_DATE('2016-3-11', 'YYYY-MM-DD'),
  4   SYSDATE, 'good');

1 row created.

SQL> 
SQL> INSERT INTO educator
  2  VALUES(900007,'n', 'y', 'abott high', 'none');

1 row created.

SQL> 
SQL> -- FINALLY commit to populate transaction
SQL> commit;

Commit complete.

SQL> 
SQL> 
SQL> -- STEP 3: Execute queries
SQL> @queries
SQL> /**
SQL> * CSE373 - Introduction to Databases - Project
SQL> * ============================================
SQL> * Name: Cole Johnson
SQL> * Due Date: 5/2/2026
SQL> *
SQL> * I certify that this assignment has been
SQL> * completed by myself.
SQL> **/
SQL> 
SQL> /**
SQL> * QUERY 1: Display the following group name and number of members:
SQL> * (i) parent but not educator, (ii) educator but not parent,
SQL> * and (iii) both a parent and an educator
SQL> **/
SQL> 
SQL> SELECT COUNT(*) AS "Parent But Not Educator Count" from (
  2    SELECT member_id from parent
  3    MINUS -- set difference
  4    SELECT member_id from educator
  5  );

Parent But Not Educator Count                                                   
-----------------------------                                                   
                            2                                                   

SQL> 
SQL> SELECT COUNT(*) AS "Educator But Not Parent Count" from (
  2    SELECT member_id from educator
  3    MINUS -- set difference
  4    SELECT member_id from parent
  5  );

Educator But Not Parent Count                                                   
-----------------------------                                                   
                            3                                                   

SQL> 
SQL> SELECT COUNT(*) AS "Both Parent and Eduator Count" from (
  2    SELECT member_id from member
  3    INTERSECT
  4    SELECT member_id from parent
  5    INTERSECT
  6    SELECT member_id from educator
  7  );

Both Parent and Eduator Count                                                   
-----------------------------                                                   
                            2                                                   

SQL> 
SQL> /**
SQL> * QUERY 2: Display the ID, first and last names, and membership
SQL> * expiration dates, of all the members whose member is going to expire within
SQL> * a month followed by those whose membershiop has
SQL> **/
SQL> 
SQL> SELECT * FROM (
  2    SELECT member_id, fname, lname,
  3  	 TRUNC(member_expr) - TRUNC(SYSDATE) as days, 'MONTH TO EXPIRY'
  4    FROM member
  5    )
  6  WHERE days > 0 and days < 30;

 MEMBER_ID FNAME                LNAME                      DAYS 'MONTHTOEXPIRY' 
---------- -------------------- -------------------- ---------- --------------- 
    900001 daniel               plainview                     9 MONTH TO EXPIRY 
    900003 gary                 garyson                      24 MONTH TO EXPIRY 
    900006 elizabeth            holmes                        3 MONTH TO EXPIRY 

SQL> 
SQL> SELECT * FROM (
  2    SELECT member_id, fname, lname,
  3  	 TRUNC(member_expr) - TRUNC(SYSDATE) as days, 'EXPIRED'
  4    FROM member
  5    )
  6  WHERE days < 0;

 MEMBER_ID FNAME                LNAME                      DAYS 'EXPIRE         
---------- -------------------- -------------------- ---------- -------         
    900002 royal                tennenbaum                  -31 EXPIRED         

SQL> 
SQL> /**
SQL> * QUERY 3: list the ID, first, and last names of members who are (current or former)
SQL> * teachers of science / math as well as parent and teach at a school
SQL> * attended by one or more of their children. (If a teacher has only one
SQL> * child, then that child must attend; if a teacher has two children, then both must attend.)
SQL> **/
SQL> 
SQL> -- NOTE: This is messy maybe rewrite with natural join?
SQL> SELECT m.member_id, fname, lname, e.teach_sci_or_math
  2  FROM educator e, member m
  3  WHERE e.school_name = all
  4    (SELECT mc.school_name
  5  	FROM member_child mc
  6  	WHERE mc.member_id = e.member_id
  7    )
  8  AND (e.teach_sci_or_math != 'none') -- Must teach at least one
  9  AND (e.member_id = m.member_id);

 MEMBER_ID FNAME                LNAME                TEACH_SCI_OR_MATH          
---------- -------------------- -------------------- --------------------       
    900005 cole                 coleson              science                    
    900006 elizabeth            holmes               math                       

SQL> 
SQL> /**
SQL> * QUERY 4: if either two members have the same first name, last name, and email
SQL> * address, or a non-member and a member share those three items, then
SQL> * print those three items for each pair; add a string BOTH MEMBERS
SQL> * in the first case and ONE NON-MEMBER in the other. The items for
SQL> * BOTH-MEMBERS should appear first ordered by first name followed
SQL> * by the rest ordered similarly.
SQL> **/
SQL> 
SQL> SELECT fname, lname, email, 'ONE MEMBER'
  2  FROM member m
  3  WHERE EXISTS
  4    (SELECT *
  5    FROM non_member nm
  6    WHERE nm.fname = m.fname
  7    AND nm.lname = m.lname
  8    AND nm.email = m.email
  9    )
 10  UNION ALL
 11  SELECT fname, lname, email, 'BOTH MEMBER'
 12  FROM member m1
 13  WHERE EXISTS
 14    (SELECT *
 15    FROM member m2
 16    WHERE m1.fname = m2.fname
 17    AND m1.lname = m2.lname
 18    AND m1.email = m2.email
 19    AND m1.member_id != m2.member_id
 20    );

FNAME                LNAME                EMAIL                                 
-------------------- -------------------- ------------------------------        
'ONEMEMBER'                                                                     
-----------                                                                     
elizabeth            holmes               eholmes@theranos.com                  
ONE MEMBER                                                                      
                                                                                
cole                 coleson              cole@c.com                            
BOTH MEMBER                                                                     
                                                                                
cole                 coleson              cole@c.com                            
BOTH MEMBER                                                                     
                                                                                

SQL> 
SQL> -- END: Cleanup by dropping all tables
SQL> @cleanup
SQL> /* NOTE: This script is to quickly cleanup the schema so that the
SQL>  script file `cj_johnson.sql` can run again. */
SQL> 
SQL> 
SQL> drop table member cascade constraints -- drop MEMBER
  2  ;

Table dropped.

SQL> 
SQL> drop table school cascade constraints -- drop SCHOOL
  2  ;

Table dropped.

SQL> 
SQL> drop table parent cascade constraints -- drop PARENT
  2  ;

Table dropped.

SQL> 
SQL> drop table board_member cascade constraints -- drop BOARD MEMBER
  2  ;

Table dropped.

SQL> 
SQL> drop table member_child cascade constraints -- drop MEMBER CHILD
  2  ;

Table dropped.

SQL> 
SQL> drop table educator cascade constraints -- drop EDUCATOR
  2  ;

Table dropped.

SQL> 
SQL> drop table volunteer_liason cascade constraints -- drop VOLUNTEER LIASON
  2  ;

Table dropped.

SQL> 
SQL> drop table liason -- drop LIASON
  2  ;

Table dropped.

SQL> 
SQL> drop table visitor -- drop VISITOR
  2  ;

Table dropped.

SQL> 
SQL> drop table non_member cascade constraints -- drop NON MEMBER
  2  ;

Table dropped.

SQL> 
SQL> drop table non_member_child cascade constraints -- drop NON MEMBER CHILD
  2  ;

Table dropped.

SQL> 
SQL> drop table meeting cascade constraints -- drop MEMBER
  2  ;

Table dropped.

SQL> 
SQL> 
SQL> SPOOL OFF
