SQL> 
SQL> -- STEP 1: Create relational schema
SQL> @schema
SQL> /**
SQL> * CSE373 - Introduction to Databases - Project
SQL> * ============================================
SQL> * Name: Cole Johnson
SQL> * Due Date: 5/2/2026
SQL> *
SQL> * I certify that this assignment has been
SQL> * completed by myself.
SQL> **/
SQL> 
SQL> CREATE SEQUENCE id_seq START WITH 9000001 INCREMENT BY 1;

Sequence created.

SQL> 
SQL> create table member(
  2    member_id      DECIMAL(7,0) DEFAULT id_seq.NEXTVAL,
  3    fname	      VARCHAR(20) NOT NULL,
  4    lname	      VARCHAR(20) NOT NULL,
  5    email	      VARCHAR(30) NOT NULL,
  6    zip	      DECIMAL(5,0), -- NOTE: VARCHAR might also be acceptable
  7    street	      VARCHAR(20),
  8    city	      VARCHAR(20),
  9    member_expr    DATE NOT NULL, -- NOTE: When the member's expiration date is
 10    date_joined    DATE NOT NULL,
 11    date_of_record DATE NOT NULL, -- NOTE: When we first learned this info
 12    standing      CHAR(4) NOT NULL CHECK (standing in ('good', 'poor')),
 13    -- NOTE: Above tracks the standing of each member
 14    CONSTRAINT member_pk PRIMARY KEY (member_id), -- primary key constraint
 15    CONSTRAINT has_member_id_prefix CHECK (member_id LIKE '900%') -- make sure each ID has 900 prefix
 16    -- NOTE: last name and first can also be used for identification, put ID is preferred and designated as key
 17  );

Table created.

SQL> 
SQL> create table school(
  2    school_name	VARCHAR(20) NOT NULL,
  3    principle_lname	VARCHAR(20) NOT NULL,
  4    principle_fname	VARCHAR(20) NOT NULL,
  5    is_middleschool	CHAR(1) NOT NULL CHECK (is_middleschool in ('y', 'n')),
  6    is_highschool	CHAR(1) NOT NULL CHECK (is_highschool in ('y', 'n')),
  7    CONSTRAINT school_pk PRIMARY KEY (school_name) -- school name is unique
  8  );

Table created.

SQL> 
SQL> -- Tracks volunteered members to be a school liason
SQL> create table volunteer_liason(
  2    member_id   DECIMAL(7,0) NOT NULL,
  3    school_name VARCHAR(20) NOT NULL,
  4    CONSTRAINT volunteer_liason_member_fk FOREIGN KEY (member_id) REFERENCES member(member_id),
  5    CONSTRAINT volunteer_liason_school_fk FOREIGN KEY (school_name) REFERENCES school(school_name),
  6    CONSTRAINT volunteer_liason_pk PRIMARY KEY (member_id, school_name)
  7  );

Table created.

SQL> 
SQL> -- Tracks appointed member to be a school liason
SQL> -- NOTE: From ER diagram, this relationship has all partial participation
SQL> -- so we need to invest in a separate a
SQL> create table liason(
  2    member_id   DECIMAL(7,0) NOT NULL,
  3    school_name VARCHAR(20) NOT NULL,
  4    CONSTRAINT liason_member_fk FOREIGN KEY (member_id) REFERENCES member(member_id),
  5    CONSTRAINT liason_school_fk FOREIGN KEY (school_name) REFERENCES school(school_name),
  6    CONSTRAINT liason_pk PRIMARY KEY (member_id),
  7    CONSTRAINT school_name_unique UNIQUE(school_name) -- NOTE: constraint is to limit multiple associations
  8  );

Table created.

SQL> 
SQL> create table parent(
  2    member_id DECIMAL(7,0) NOT NULL, -- parent id references foregin key of memeber
  3    CONSTRAINT parent_pk PRIMARY KEY (member_id),
  4    CONSTRAINT parent_member_fk FOREIGN KEY (member_id) REFERENCES member(member_id)
  5  	 INITIALLY DEFERRED DEFERRABLE
  6  );

Table created.

SQL> 
SQL> 
SQL> create table member_child(
  2    member_id      DECIMAL(7,0) NOT NULL,
  3    child_fname    VARCHAR(20) NOT NULL,
  4    child_lname    VARCHAR(20) NOT NULL,
  5    school_name    VARCHAR(20) NOT NULL,
  6    date_of_record DATE NOT NULL, -- NOTE: When this info was learned and put inside database
  7    CONSTRAINT member_child_pk PRIMARY KEY(child_fname, child_lname, member_id),
  8    CONSTRAINT member_child_member_fk FOREIGN KEY (member_id) REFERENCES parent(member_id)
  9  	 INITIALLY DEFERRED DEFERRABLE,
 10    CONSTRAINT member_child_school_fk FOREIGN KEY (school_name) REFERENCES school(school_name)
 11  	 INITIALLY DEFERRED DEFERRABLE
 12  );

Table created.

SQL> 
SQL> 
SQL> /**
SQL> * Educator Relation
SQL> *
SQL> * == NOTES AND REASONING FOR THIS RELATIONAL SCHEMA ==
SQL> * I feel like collapsing the teacher and admin subclasses into
SQL> * single relation needs some further justification, since
SQL> * there are a other ways we could represent these entities.
SQL> *
SQL> * The main reason is decided to collapse the subclassing entities
SQL> * was to improve queries involving all educator, avoiding many joins
SQL> * on tables with few attributes.
SQL> */
SQL> create table educator(
  2    member_id   DECIMAL(7,0) NOT NULL, -- parent id references foregin key of memeber
  3    is_teacher  CHAR(1) NOT NULL CHECK (is_teacher in ('y', 'n')), -- NOTE: collasping educator subclasses via boolean flags
  4    is_admin    CHAR(1) NOT NULL CHECK (is_admin in ('y', 'n')),
  5    school_name VARCHAR(20) NOT NULL,
  6    -- NOTE: Field is for educators that either teach or taught math or science, look at constraints to see how I enforce this
  7    teach_sci_or_math VARCHAR(20) NOT NULL CHECK (teach_sci_or_math in ('science', 'math', 'both', 'none')),
  8    CONSTRAINT educator_pk PRIMARY KEY (member_id),
  9    CONSTRAINT educator_member_fk FOREIGN KEY (member_id) REFERENCES member(member_id),
 10    CONSTRAINT educator_school_fk FOREIGN KEY (school_name) REFERENCES school(school_name),
 11    CONSTRAINT admin_teaher_disjoint_and_total_coverage CHECK ((is_teacher = 'n' AND is_admin = 'y')
 12  	 OR (is_teacher = 'y' AND is_admin = 'n')), -- NOTE: each educator instance must either be admin or teacher, cannot overlap and cannot be a different instance
 13    -- NOTE: administrators do not teach subjects, must be none
 14    CONSTRAINT admin_does_not_teach CHECK
 15    ((is_admin = 'y' AND teach_sci_or_math = 'none')
 16  	 OR is_teacher = 'y')
 17  );

Table created.

SQL> 
SQL> 
SQL> -- TODO: Create integrity constraint that says only one role can be occupied at a time
SQL> create table board_member(
  2    member_id DECIMAL(7,0) NOT NULL, -- parent id references foregin key of memeber
  3    role	 VARCHAR(13) CHECK (role in ('president', 'secretary', 'treasurer', 'data manager')),
  4    CONSTRAINT board_mem_pk PRIMARY KEY (member_id),
  5    CONSTRAINT board_mem_member_fk FOREIGN KEY (member_id) REFERENCES member(member_id)
  6  );

Table created.

SQL> 
SQL> create table meeting(
  2    meet_location VARCHAR(20) NOT NULL,
  3    meet_date     VARCHAR(20) NOT NULL,
  4    member_id     DECIMAL(7,0) NOT NULL,
  5    CONSTRAINT meeting_pk PRIMARY KEY (meet_location, meet_date),
  6    CONSTRAINT meeting_board_mem_fk FOREIGN KEY (member_id) REFERENCES board_member(member_id)
  7  );

Table created.

SQL> 
SQL> create table non_member(
  2    fname	      VARCHAR(20) NOT NULL, -- NOTE: Maybe I should prefix this to avoid unwanted natural joins
  3    lname	      VARCHAR(20) NOT NULL,
  4    email	      VARCHAR(20) NOT NULL,
  5    zip	      DECIMAL(5,0) NOT NULL, -- NOTE: VARCHAR might also be acceptable, but decimal is easier for comparison
  6    street	      VARCHAR(20) NOT NULL,
  7    city	      VARCHAR(20) NOT NULL,
  8    date_of_record DATE NOT NULL, -- NOTE: When we first learned this info
  9    CONSTRAINT non_member_pk PRIMARY KEY (fname, lname, email)
 10  );

Table created.

SQL> 
SQL> 
SQL> create table non_member_works_for(
  2    fname	      VARCHAR(20) NOT NULL, -- NOTE: Maybe I should prefix this to avoid unwanted natural joins
  3    lname	      VARCHAR(20) NOT NULL,
  4    email	      VARCHAR(20) NOT NULL,
  5    school_name    VARCHAR(20) NOT NULL,
  6    teach_sci_or_math VARCHAR(20) NOT NULL CHECK (teach_sci_or_math in ('science', 'math', 'both', 'none')),
  7    CONSTRAINT non_member_works_for_pk PRIMARY KEY (fname, lname, email),
  8    CONSTRAINT non_member_works_non_men FOREIGN KEY (school_name) REFERENCES school(school_name),
  9    CONSTRAINT non_member_works_non_mem FOREIGN KEY (fname, lname, email)
 10  	 REFERENCES non_member(fname, lname, email)
 11  );

Table created.

SQL> 
SQL> create table non_member_child(
  2    non_mem_fname VARCHAR(20) NOT NULL,
  3    non_mem_lname VARCHAR(20) NOT NULL,
  4    non_mem_email VARCHAR(20) NOT NULL,
  5    child_fname   VARCHAR(20) NOT NULL,
  6    child_lname   VARCHAR(20) NOT NULL,
  7    school_name   VARCHAR(20) NOT NULL,
  8    CONSTRAINT non_member_child_school_fk FOREIGN KEY (school_name)
  9  	 REFERENCES school(school_name),
 10    CONSTRAINT non_member_non_member_child_fk FOREIGN KEY (non_mem_fname,
 11  	 non_mem_lname, non_mem_email) REFERENCES non_member(fname, lname, email)
 12  );

Table created.

SQL> 
SQL> create table visitor(
  2    fname	     VARCHAR(20) NOT NULL, -- NOTE: maybe I should prefix this to avoid unwanted natural joins
  3    lname	     VARCHAR(20) NOT NULL,
  4    email	     VARCHAR(20) NOT NULL,
  5    meet_location VARCHAR(20) NOT NULL,
  6    meet_date     VARCHAR(20) NOT NULL,
  7    member_id     DECIMAL(7,0) NOT NULL,
  8    CONSTRAINT visitor_non_mem_fk FOREIGN KEY (fname, lname, email)
  9  	 REFERENCES non_member(fname, lname, email),
 10    CONSTRAINT visitor_meeting_fk FOREIGN KEY (meet_location, meet_date)
 11  	 REFERENCES meeting(meet_location, meet_date),
 12  	-- NOTE: This is a very big and complex primary key
 13    CONSTRAINT visitor_pk PRIMARY KEY (fname, lname, email, meet_date, meet_location)
 14    -- TODO: This relation needs two inclusion dependencies, likely deferrable until commit
 15  );

Table created.

SQL> 
SQL> -- STEP 2: Hoist triggers
SQL> @triggers
SQL> /**
SQL> * TRIGGER 1: Ensure that only a member in
SQL> * good standing can join the Board and also
SQL> * that there is never more than one president.
SQL> **/
SQL> CREATE OR REPLACE TRIGGER
  2    board_member_president_aiusd -- after insert or update, but before commit
  3  BEFORE INSERT OR UPDATE
  4  ON board_member
  5  REFERENCING NEW AS n
  6  for each row
  7  DECLARE
  8    mem_standing member.standing%type;
  9    r_count number;
 10  BEGIN
 11  -- Get standing
 12   SELECT standing INTO mem_standing
 13   FROM member
 14   WHERE :n.member_id = member.member_id;
 15    -- Trigger exception if president candidate is in poor standing
 16    IF (mem_standing = 'poor') THEN
 17  	 raise_application_error(-20001, 'Board member must be in good standing');
 18    END IF;
 19    IF (:n.role = 'president') THEN
 20  	 SELECT COUNT(*) INTO r_count
 21  	 FROM board_member
 22  	 WHERE role = :n.role;
 23  	 IF r_count > 0 THEN
 24  	   raise_application_error(-20002, 'Can only be one president');
 25  	 END IF;
 26    END IF;
 27  END;
 28  /

Trigger created.

SQL> show errors
No errors.
SQL> 
SQL> /**
SQL> * TRIGGER 2: If a person becoming a member for the first time had attended a public
SQL> * meeting in the past, then print a thank-you message for attendance on
SQL> * that date.
SQL> **/
SQL> CREATE OR REPLACE TRIGGER
  2    member_thank_you_aird
  3  AFTER INSERT
  4  ON member
  5  REFERENCING NEW as n
  6  for each row
  7  DECLARE
  8    CURSOR visitor_cursor IS SELECT fname, lname, email, meet_date FROM visitor;
  9    vis_fname visitor.fname%type;
 10    vis_lname visitor.lname%type;
 11    vis_email visitor.email%type;
 12    vis_meet_date visitor.meet_date%type;
 13  BEGIN
 14    OPEN visitor_cursor;
 15    LOOP
 16  	 FETCH visitor_cursor INTO vis_fname, vis_lname, vis_email, vis_meet_date;
 17  	 IF (:n.fname = vis_fname) AND (:n.lname = vis_lname)
 18  	   AND (:n.email = vis_email) THEN
 19  	   dbms_output.put_line('Thank you for attending meet on: ' || vis_meet_date);
 20  	 END IF;
 21  	 EXIT WHEN visitor_cursor%NOTFOUND;
 22    END LOOP;
 23    CLOSE visitor_cursor;
 24  END;
 25  /

Trigger created.

SQL> show errors
No errors.
SQL> 
SQL> -- STEP 3: Populate database
SQL> @populate
SQL> /**
SQL> * CSE373 - Introduction to Databases - Project
SQL> * ============================================
SQL> * Name: Cole Johnson
SQL> * Due Date: 5/2/2026
SQL> *
SQL> * I certify that this assignment has been
SQL> * completed by myself.
SQL> **/
SQL> 
SQL> -- NOTE: Needed for some insertions due to mutual constraints.
SQL> -- Mostly this is needed for inclusion dependency which
SQL> -- often create mutual constraints on some relations.
SQL> SET AUTOCOMMIT OFF;
SQL> 
SQL> 
SQL> /* INSERT 1: Create a school */
SQL> INSERT INTO school
  2  VALUES('abott middle', 'george', 'foreman','n', 'y');

1 row created.

SQL> 
SQL> INSERT INTO school
  2  VALUES('abott high', 'joerge', 'beforeman', 'y', 'n');

1 row created.

SQL> 
SQL> 
SQL> /* INSERT 2: Member that is only a parent */
SQL> INSERT INTO member
  2  VALUES(id_seq.NEXTVAL, 'daniel', 'plainview', 'dplain@gmail.com', 87801,
  3    '1 leroy dr.', 'socorro', TO_DATE('2026-05-11', 'YYYY-MM-DD'),
  4    TO_DATE('2023-05-11', 'YYYY-MM-DD'), SYSDATE, 'good');

1 row created.

SQL> 
SQL> -- Add to parent relation
SQL> INSERT INTO parent
  2  VALUES(id_seq.CURRVAL);

1 row created.

SQL> 
SQL> -- Add child in member_child relation
SQL> INSERT INTO member_child
  2  VALUES(id_seq.CURRVAL, 'h.w.', 'plainview',
  3    'abott middle', TO_DATE('2022-08-17', 'YYYY-MM-DD'));

1 row created.

SQL> 
SQL> /* INSERT 3: Another member that is only a parent */
SQL> 
SQL> INSERT INTO member
  2  VALUES(id_seq.NEXTVAL, 'royal', 'tennenbaum', 'royalt@gmail.com', 87801,
  3    '1 leroy dr.', 'socorro', TO_DATE('2026-04-01', 'YYYY-MM-DD'),
  4    TO_DATE('2023-04-01', 'YYYY-MM-DD'), SYSDATE, 'good');

1 row created.

SQL> 
SQL> -- Add to parent relation
SQL> INSERT INTO parent
  2  VALUES(id_seq.CURRVAL);

1 row created.

SQL> 
SQL> -- Add child in member_child relation
SQL> INSERT INTO member_child
  2  VALUES(id_seq.CURRVAL, 'richie', 'tennenbaum', 'abott middle', SYSDATE);

1 row created.

SQL> 
SQL> /* INSERT 4: Member that is only an educator */
SQL> 
SQL> INSERT INTO member
  2  VALUES(id_seq.NEXTVAL, 'gary', 'garyson', 'ggary@gary.com', 87801, '2 leroy dr.', 'socorro',
  3   TO_DATE('2026-05-26', 'YYYY-MM-DD'), TO_DATE('2016-05-26', 'YYYY-MM-DD'),
  4   SYSDATE, 'good');

1 row created.

SQL> 
SQL> -- Insert educator portion, this time it's a school admin
SQL> INSERT INTO educator
  2  VALUES(id_seq.CURRVAL, 'n', 'y', 'abott high', 'none');

1 row created.

SQL> 
SQL> /* INSERT 5: Member that is both a parent and an educator */
SQL> INSERT INTO member
  2  VALUES(id_seq.NEXTVAL, 'john', 'johnson', 'jjohn@john.com', 87801, '3 leroy dr.', 'socorro',
  3   TO_DATE('2026-11-11', 'YYYY-MM-DD'), TO_DATE('2016-11-11', 'YYYY-MM-DD'),
  4   SYSDATE, 'good');

1 row created.

SQL> 
SQL> -- Create parent info
SQL> INSERT INTO member_child
  2  VALUES(id_seq.CURRVAL, 'john jr.', 'johnson', 'abott middle', SYSDATE);

1 row created.

SQL> 
SQL> -- Create parent info
SQL> INSERT INTO parent
  2  VALUES(id_seq.CURRVAL);

1 row created.

SQL> 
SQL> -- Create educator info
SQL> INSERT INTO educator
  2  VALUES(id_seq.CURRVAL, 'y', 'n', 'abott high', 'science');

1 row created.

SQL> 
SQL> /* INSERT 6: Member that is both a parent and an educator */
SQL> 
SQL> INSERT INTO member
  2  VALUES(id_seq.NEXTVAL, 'cole', 'coleson', 'cole@c.com', 87801, '4 leroy dr.', 'socorro',
  3   TO_DATE('2027-3-11', 'YYYY-MM-DD'), TO_DATE('2016-3-11', 'YYYY-MM-DD'),
  4   SYSDATE, 'good');

1 row created.

SQL> 
SQL> -- Create parent info
SQL> INSERT INTO member_child
  2  VALUES(id_seq.CURRVAL, 'cole jr.', 'coleson', 'abott high', SYSDATE);

1 row created.

SQL> 
SQL> INSERT INTO member_child
  2  VALUES(id_seq.CURRVAL, 'cole jr. II', 'coleson', 'abott high', SYSDATE);

1 row created.

SQL> 
SQL> -- Create parent info
SQL> INSERT INTO parent
  2  VALUES(id_seq.CURRVAL);

1 row created.

SQL> 
SQL> -- Create educator info
SQL> INSERT INTO educator
  2  VALUES(id_seq.CURRVAL, 'y', 'n', 'abott high', 'science');

1 row created.

SQL> 
SQL> /*INSERT 7: Create some board members */
SQL> 
SQL> INSERT INTO member
  2  VALUES(id_seq.NEXTVAL, 'elizabeth', 'holmes', 'eholmes@theranos.com',
  3    87801, '5 leroy dr.', 'socorro',
  4    TO_DATE('2026-05-05', 'YYYY-MM-DD'), TO_DATE('2022-05-05', 'YYYY-MM-DD'),
  5    SYSDATE, 'good');

1 row created.

SQL> 
SQL> INSERT INTO board_member
  2  VALUES(id_seq.CURRVAL, 'president');

1 row created.

SQL> 
SQL> INSERT INTO educator
  2  VALUES(id_seq.CURRVAL,'y', 'n', 'abott high', 'math');

1 row created.

SQL> 
SQL> 
SQL> /* INSERT 8: Create meeting organized by president holmes */
SQL> INSERT INTO meeting
  2  VALUES('fire and ice coffee', TO_DATE('2026-05-03', 'YYYY-MM-DD'),
  3    id_seq.CURRVAL);

1 row created.

SQL> 
SQL> /* INSERT 9: Create non-member with the same name and email addr as member */
SQL> INSERT INTO non_member
  2  VALUES('elizabeth', 'holmes', 'eholmes@theranos.com',
  3    87801, '5 leroy dr.', 'socorro', SYSDATE);

1 row created.

SQL> 
SQL> -- IDK fake elizabeth holmes attends the meeting
SQL> INSERT INTO visitor
  2  VALUES('elizabeth', 'holmes', 'eholmes@theranos.com',
  3    'fire and ice coffee', TO_DATE('2026-05-03', 'YYYY-MM-DD'),
  4    id_seq.CURRVAL);

1 row created.

SQL> 
SQL> /* INSERT 9: Create a member with the same name and addr as another */
SQL> 
SQL> INSERT INTO member
  2  VALUES(id_seq.NEXTVAL, 'cole', 'coleson', 'cole@c.com', 87801, '5 leroy dr.', 'socorro',
  3   TO_DATE('2027-3-11', 'YYYY-MM-DD'), TO_DATE('2016-3-11', 'YYYY-MM-DD'),
  4   SYSDATE, 'good');

1 row created.

SQL> 
SQL> INSERT INTO educator
  2  VALUES(id_seq.CURRVAL,'n', 'y', 'abott high', 'none');

1 row created.

SQL> 
SQL> -- FAKE INSERTS: TEST OUT TRIGGER, THESE SHOULD NOT INSERT
SQL> -- (TESTED ON MARCH 2, 2025 -- PASSED)
SQL> INSERT INTO member
  2  VALUES(id_seq.NEXTVAL, 'elliot', 'holmes', 'eholmes@theranos.com',
  3    87801, '5 leroy dr.', 'socorro',
  4    TO_DATE('2026-05-05', 'YYYY-MM-DD'), TO_DATE('2022-05-05', 'YYYY-MM-DD'),
  5    SYSDATE, 'poor');

1 row created.

SQL> 
SQL> INSERT INTO board_member
  2  VALUES(id_seq.CURRVAL, 'secretary');
VALUES(id_seq.CURRVAL, 'secretary')
       *
ERROR at line 2:
ORA-20001: Board member must be in good standing 
ORA-06512: at "CJOHNSO.BOARD_MEMBER_PRESIDENT_AIUSD", line 11 
ORA-04088: error during execution of trigger 
'CJOHNSO.BOARD_MEMBER_PRESIDENT_AIUSD' 


SQL> 
SQL> INSERT INTO educator
  2  VALUES(id_seq.CURRVAL,'y', 'n', 'abott high', 'math');

1 row created.

SQL> 
SQL> INSERT INTO member
  2  VALUES(id_seq.NEXTVAL, 'elija', 'holmes', 'eholmes@theranos.com',
  3    87801, '5 leroy dr.', 'socorro',
  4    TO_DATE('2026-05-05', 'YYYY-MM-DD'), TO_DATE('2022-05-05', 'YYYY-MM-DD'),
  5    SYSDATE, 'good');

1 row created.

SQL> 
SQL> INSERT INTO board_member
  2  VALUES(id_seq.CURRVAL, 'president');
VALUES(id_seq.CURRVAL, 'president')
       *
ERROR at line 2:
ORA-20002: Can only be one president 
ORA-06512: at "CJOHNSO.BOARD_MEMBER_PRESIDENT_AIUSD", line 18 
ORA-04088: error during execution of trigger 
'CJOHNSO.BOARD_MEMBER_PRESIDENT_AIUSD' 


SQL> 
SQL> INSERT INTO educator
  2  VALUES(id_seq.CURRVAL,'y', 'n', 'abott high', 'math');

1 row created.

SQL> 
SQL> /* INSERT 8: non member for is a teacher */
SQL> INSERT INTO non_member
  2  VALUES('joe', 'joeson', 'jjoe@gmail.com', 87801, '3 leroy dr.',
  3    'socorro', SYSDATE);

1 row created.

SQL> 
SQL> INSERT INTO non_member_works_for
  2  VALUES('joe', 'joeson', 'jjoe@gmail.com', 'abott high', 'math');

1 row created.

SQL> 
SQL> INSERT INTO meeting
  2  VALUES('que suava cafe', TO_DATE('2026-05-03', 'YYYY-MM-DD'),
  3    9000006);

1 row created.

SQL> 
SQL> INSERT INTO visitor
  2  VALUES('joe', 'joeson', 'jjoe@gmail.com','fire and ice coffee', TO_DATE('2026-05-03', 'YYYY-MM-DD'),
  3    9000006)
  4  
SQL> /* INSERT 9: Non member becomes a member, test out trigger */
SQL> 
SQL> INSERT INTO member
  2  VALUES(id_seq.NEXTVAL, 'joe', 'joeson', 'jjoe@gmail.com', 87801, '3 leroy dr.',
  3    'socorro', TO_DATE('2026-08-16', 'YYYY-MM-DD'), TO_DATE('2025-08-16', 'YYYY-MM-DD'),
  4  SYSDATE, 'good');

1 row created.

SQL> 
SQL> -- FINALLY commit to populate transaction
SQL> commit;

Commit complete.

SQL> 
SQL> 
SQL> -- STEP 4: Display populated tables
SQL> @display
SQL> /**
SQL> * CSE373 - Introduction to Databases - Project
SQL> * ============================================
SQL> * Name: Cole Johnson
SQL> * Due Date: 5/2/2026
SQL> *
SQL> * I certify that this assignment has been
SQL> * completed by myself.
SQL> **/
SQL> 
SQL> SELECT * FROM member;

 MEMBER_ID FNAME                LNAME                                           
---------- -------------------- --------------------                            
EMAIL                                 ZIP STREET                                
------------------------------ ---------- --------------------                  
CITY                 MEMBER_EX DATE_JOIN DATE_OF_R STAN                         
-------------------- --------- --------- --------- ----                         
   9000001 daniel               plainview                                       
dplain@gmail.com                    87801 1 leroy dr.                           
socorro              11-MAY-26 11-MAY-23 02-MAY-26 good                         
                                                                                
   9000002 royal                tennenbaum                                      
royalt@gmail.com                    87801 1 leroy dr.                           
socorro              01-APR-26 01-APR-23 02-MAY-26 good                         

 MEMBER_ID FNAME                LNAME                                           
---------- -------------------- --------------------                            
EMAIL                                 ZIP STREET                                
------------------------------ ---------- --------------------                  
CITY                 MEMBER_EX DATE_JOIN DATE_OF_R STAN                         
-------------------- --------- --------- --------- ----                         
                                                                                
   9000003 gary                 garyson                                         
ggary@gary.com                      87801 2 leroy dr.                           
socorro              26-MAY-26 26-MAY-16 02-MAY-26 good                         
                                                                                
   9000004 john                 johnson                                         
jjohn@john.com                      87801 3 leroy dr.                           

 MEMBER_ID FNAME                LNAME                                           
---------- -------------------- --------------------                            
EMAIL                                 ZIP STREET                                
------------------------------ ---------- --------------------                  
CITY                 MEMBER_EX DATE_JOIN DATE_OF_R STAN                         
-------------------- --------- --------- --------- ----                         
socorro              11-NOV-26 11-NOV-16 02-MAY-26 good                         
                                                                                
   9000005 cole                 coleson                                         
cole@c.com                          87801 4 leroy dr.                           
socorro              11-MAR-27 11-MAR-16 02-MAY-26 good                         
                                                                                
   9000006 elizabeth            holmes                                          

 MEMBER_ID FNAME                LNAME                                           
---------- -------------------- --------------------                            
EMAIL                                 ZIP STREET                                
------------------------------ ---------- --------------------                  
CITY                 MEMBER_EX DATE_JOIN DATE_OF_R STAN                         
-------------------- --------- --------- --------- ----                         
eholmes@theranos.com                87801 5 leroy dr.                           
socorro              05-MAY-26 05-MAY-22 02-MAY-26 good                         
                                                                                
   9000007 cole                 coleson                                         
cole@c.com                          87801 5 leroy dr.                           
socorro              11-MAR-27 11-MAR-16 02-MAY-26 good                         
                                                                                

 MEMBER_ID FNAME                LNAME                                           
---------- -------------------- --------------------                            
EMAIL                                 ZIP STREET                                
------------------------------ ---------- --------------------                  
CITY                 MEMBER_EX DATE_JOIN DATE_OF_R STAN                         
-------------------- --------- --------- --------- ----                         
   9000008 elliot               holmes                                          
eholmes@theranos.com                87801 5 leroy dr.                           
socorro              05-MAY-26 05-MAY-22 02-MAY-26 poor                         
                                                                                
   9000009 elija                holmes                                          
eholmes@theranos.com                87801 5 leroy dr.                           
socorro              05-MAY-26 05-MAY-22 02-MAY-26 good                         

 MEMBER_ID FNAME                LNAME                                           
---------- -------------------- --------------------                            
EMAIL                                 ZIP STREET                                
------------------------------ ---------- --------------------                  
CITY                 MEMBER_EX DATE_JOIN DATE_OF_R STAN                         
-------------------- --------- --------- --------- ----                         
                                                                                
   9000010 joe                  joeson                                          
jjoe@gmail.com                      87801 3 leroy dr.                           
socorro              16-AUG-26 16-AUG-25 02-MAY-26 good                         
                                                                                

10 rows selected.

SQL> SELECT * FROM parent;

 MEMBER_ID                                                                      
----------                                                                      
   9000001                                                                      
   9000002                                                                      
   9000004                                                                      
   9000005                                                                      

SQL> SELECT * FROM educator;

 MEMBER_ID I I SCHOOL_NAME          TEACH_SCI_OR_MATH                           
---------- - - -------------------- --------------------                        
   9000003 n y abott high           none                                        
   9000004 y n abott high           science                                     
   9000005 y n abott high           science                                     
   9000006 y n abott high           math                                        
   9000007 n y abott high           none                                        
   9000008 y n abott high           math                                        
   9000009 y n abott high           math                                        

7 rows selected.

SQL> SELECT * FROM board_member;

 MEMBER_ID ROLE                                                                 
---------- -------------                                                        
   9000006 president                                                            

SQL> SELECT * FROM member_child;

 MEMBER_ID CHILD_FNAME          CHILD_LNAME          SCHOOL_NAME                
---------- -------------------- -------------------- --------------------       
DATE_OF_R                                                                       
---------                                                                       
   9000001 h.w.                 plainview            abott middle               
17-AUG-22                                                                       
                                                                                
   9000002 richie               tennenbaum           abott middle               
02-MAY-26                                                                       
                                                                                
   9000004 john jr.             johnson              abott middle               
02-MAY-26                                                                       
                                                                                

 MEMBER_ID CHILD_FNAME          CHILD_LNAME          SCHOOL_NAME                
---------- -------------------- -------------------- --------------------       
DATE_OF_R                                                                       
---------                                                                       
   9000005 cole jr.             coleson              abott high                 
02-MAY-26                                                                       
                                                                                
   9000005 cole jr. II          coleson              abott high                 
02-MAY-26                                                                       
                                                                                

SQL> SELECT * FROM school;

SCHOOL_NAME          PRINCIPLE_LNAME      PRINCIPLE_FNAME      I I              
-------------------- -------------------- -------------------- - -              
abott middle         george               foreman              n y              
abott high           joerge               beforeman            y n              

SQL> 
SQL> SELECT * FROM non_member;

FNAME                LNAME                EMAIL                       ZIP       
-------------------- -------------------- -------------------- ----------       
STREET               CITY                 DATE_OF_R                             
-------------------- -------------------- ---------                             
elizabeth            holmes               eholmes@theranos.com      87801       
5 leroy dr.          socorro              02-MAY-26                             
                                                                                
joe                  joeson               jjoe@gmail.com            87801       
3 leroy dr.          socorro              02-MAY-26                             
                                                                                

SQL> SELECT * FROM non_member_child;

no rows selected

SQL> SELECT * FROM volunteer_liason;

no rows selected

SQL> SELECT * FROM liason;

no rows selected

SQL> SELECT * FROM visitor;

FNAME                LNAME                EMAIL                                 
-------------------- -------------------- --------------------                  
MEET_LOCATION        MEET_DATE             MEMBER_ID                            
-------------------- -------------------- ----------                            
elizabeth            holmes               eholmes@theranos.com                  
fire and ice coffee  03-MAY-26               9000006                            
                                                                                

SQL> SELECT * FROM meeting;

MEET_LOCATION        MEET_DATE             MEMBER_ID                            
-------------------- -------------------- ----------                            
fire and ice coffee  03-MAY-26               9000006                            
que suava cafe       03-MAY-26               9000006                            

SQL> SELECT * FROM non_member_works_for;

FNAME                LNAME                EMAIL                                 
-------------------- -------------------- --------------------                  
SCHOOL_NAME          TEACH_SCI_OR_MATH                                          
-------------------- --------------------                                       
joe                  joeson               jjoe@gmail.com                        
abott high           math                                                       
                                                                                

SQL> 
SQL> 
SQL> 
SQL> -- STEP 4: Execute queries
SQL> @queries
SQL> /**
SQL> * CSE373 - Introduction to Databases - Project
SQL> * ============================================
SQL> * Name: Cole Johnson
SQL> * Due Date: 5/2/2026
SQL> *
SQL> * I certify that this assignment has been
SQL> * completed by myself.
SQL> **/
SQL> 
SQL> /**
SQL> * QUERY 1: Display the following group name and number of members:
SQL> * (i) parent but not educator, (ii) educator but not parent,
SQL> * and (iii) both a parent and an educator
SQL> **/
SQL> 
SQL> SELECT COUNT(*) AS "Parent But Not Educator Count" from (
  2    SELECT member_id from parent
  3    MINUS -- set difference
  4    SELECT member_id from educator
  5  );

Parent But Not Educator Count                                                   
-----------------------------                                                   
                            2                                                   

SQL> 
SQL> SELECT COUNT(*) AS "Educator But Not Parent Count" from (
  2    SELECT member_id from educator
  3    MINUS -- set difference
  4    SELECT member_id from parent
  5  );

Educator But Not Parent Count                                                   
-----------------------------                                                   
                            5                                                   

SQL> 
SQL> SELECT COUNT(*) AS "Both Parent and Eduator Count" from (
  2    SELECT member_id from member
  3    INTERSECT
  4    SELECT member_id from parent
  5    INTERSECT
  6    SELECT member_id from educator
  7  );

Both Parent and Eduator Count                                                   
-----------------------------                                                   
                            2                                                   

SQL> 
SQL> /**
SQL> * QUERY 2: Display the ID, first and last names, and membership
SQL> * expiration dates, of all the members whose member is going to expire within
SQL> * a month followed by those whose membershiop has
SQL> **/
SQL> 
SQL> SELECT * FROM (
  2    SELECT member_id, fname, lname,
  3  	 TRUNC(member_expr) - TRUNC(SYSDATE) as days, 'MONTH TO EXPIRY'
  4    FROM member
  5    )
  6  WHERE days > 0 and days < 30;

 MEMBER_ID FNAME                LNAME                      DAYS 'MONTHTOEXPIRY' 
---------- -------------------- -------------------- ---------- --------------- 
   9000001 daniel               plainview                     9 MONTH TO EXPIRY 
   9000003 gary                 garyson                      24 MONTH TO EXPIRY 
   9000006 elizabeth            holmes                        3 MONTH TO EXPIRY 
   9000008 elliot               holmes                        3 MONTH TO EXPIRY 
   9000009 elija                holmes                        3 MONTH TO EXPIRY 

SQL> 
SQL> SELECT * FROM (
  2    SELECT member_id, fname, lname,
  3  	 TRUNC(member_expr) - TRUNC(SYSDATE) as days, 'EXPIRED'
  4    FROM member
  5    )
  6  WHERE days < 0;

 MEMBER_ID FNAME                LNAME                      DAYS 'EXPIRE         
---------- -------------------- -------------------- ---------- -------         
   9000002 royal                tennenbaum                  -31 EXPIRED         

SQL> 
SQL> /**
SQL> * QUERY 3: list the ID, first, and last names of members who are (current or former)
SQL> * teachers of science / math as well as parent and teach at a school
SQL> * attended by one or more of their children. (If a teacher has only one
SQL> * child, then that child must attend; if a teacher has two children, then both must attend.)
SQL> **/
SQL> 
SQL> -- NOTE: This is messy maybe rewrite with natural join?
SQL> SELECT m.member_id, fname, lname, e.teach_sci_or_math
  2  FROM educator e, member m
  3  WHERE e.school_name = all
  4    (SELECT mc.school_name
  5  	FROM member_child mc
  6  	WHERE mc.member_id = e.member_id
  7    )
  8  AND (e.teach_sci_or_math != 'none') -- Must teach at least one
  9  AND (e.member_id = m.member_id);

 MEMBER_ID FNAME                LNAME                TEACH_SCI_OR_MATH          
---------- -------------------- -------------------- --------------------       
   9000005 cole                 coleson              science                    
   9000006 elizabeth            holmes               math                       
   9000008 elliot               holmes               math                       
   9000009 elija                holmes               math                       

SQL> 
SQL> /**
SQL> * QUERY 4: if either two members have the same first name, last name, and email
SQL> * address, or a non-member and a member share those three items, then
SQL> * print those three items for each pair; add a string BOTH MEMBERS
SQL> * in the first case and ONE NON-MEMBER in the other. The items for
SQL> * BOTH-MEMBERS should appear first ordered by first name followed
SQL> * by the rest ordered similarly.
SQL> **/
SQL> 
SQL> SELECT fname, lname, email, 'ONE MEMBER'
  2  FROM member m
  3  WHERE EXISTS
  4    (SELECT *
  5    FROM non_member nm
  6    WHERE nm.fname = m.fname
  7    AND nm.lname = m.lname
  8    AND nm.email = m.email
  9    )
 10  UNION ALL
 11  SELECT fname, lname, email, 'BOTH MEMBER'
 12  FROM member m1
 13  WHERE EXISTS
 14    (SELECT *
 15    FROM member m2
 16    WHERE m1.fname = m2.fname
 17    AND m1.lname = m2.lname
 18    AND m1.email = m2.email
 19    AND m1.member_id != m2.member_id
 20    );

FNAME                LNAME                EMAIL                                 
-------------------- -------------------- ------------------------------        
'ONEMEMBER'                                                                     
-----------                                                                     
elizabeth            holmes               eholmes@theranos.com                  
ONE MEMBER                                                                      
                                                                                
joe                  joeson               jjoe@gmail.com                        
ONE MEMBER                                                                      
                                                                                
cole                 coleson              cole@c.com                            
BOTH MEMBER                                                                     
                                                                                

FNAME                LNAME                EMAIL                                 
-------------------- -------------------- ------------------------------        
'ONEMEMBER'                                                                     
-----------                                                                     
cole                 coleson              cole@c.com                            
BOTH MEMBER                                                                     
                                                                                

SQL> 
SQL> -- STEP 5: Load in procedures
SQL> @procedures
SQL> -- NOTE: This is so I can so dbms output commands
SQL> -- that can be displayed in the interactive session
SQL> SET SERVEROUTPUT ON;
SQL> 
SQL> /**
SQL> * PROCEDURE 1: find_id_name(last): display the ID, first and last name of all members
SQL> * (regardless of their membership standing) whose last name contains
SQL> * last (the parameter!) as a substring. Print a message if there is
SQL> * no such member.
SQL> **/
SQL> -- Help function
SQL> CREATE OR REPLACE PROCEDURE get_lname
  2    (last IN member.lname%type,
  3  	mem_id OUT member.member_id%type,
  4  	first_name OUT member.fname %type,
  5  	last_name OUT member.lname%type,
  6  	status OUT boolean)
  7  IS
  8  BEGIN
  9    SELECT member_id, fname, lname INTO mem_id, first_name, last_name
 10    FROM member WHERE lname = last;
 11    status := true;
 12  EXCEPTION
 13    WHEN no_data_found THEN
 14  	 status := false;
 15  END;
 16  /

Procedure created.

SQL> show errors
No errors.
SQL> 
SQL> CREATE OR REPLACE PROCEDURE find_id_name
  2    (last IN member.lname%type)
  3  IS
  4    first_name VARCHAR(20);
  5    last_name VARCHAR(20);
  6    mem_id number;
  7    status boolean;
  8  BEGIN
  9    get_lname(last, mem_id, first_name, last_name, status);
 10    IF status THEN
 11  	 dbms_output.put_line('Member found: ' || mem_id || ',' || last_name || ',' || first_name);
 12    ELSE
 13  	 dbms_output.put_line('Member not found ');
 14    END IF;
 15  END;
 16  /

Procedure created.

SQL> show errors
No errors.
SQL> execute find_id_name('holmes');
BEGIN find_id_name('holmes'); END;

*
ERROR at line 1:
ORA-01422: exact fetch returned more than the requested number of rows (1) 
Help: https://docs.oracle.com/error-help/db/ora-01422/ 


SQL> 
SQL> /**
SQL> * PROCEDURE 2: enroll_or_renew(first, last, email): if a person with the
SQL> * given first name, last name, and email address is a member in good
SQL> * standing, then extend the membership by one year; if the membership
SQL> * has expired, then set the expiration date to one year from today.
SQL> * If no such person is found among the past or present members, then
SQL> * enroll this person as a new member.
SQL> **/
SQL> 
SQL> -- Helper function
SQL> CREATE OR REPLACE PROCEDURE get_standing_and_expiry
  2    (first IN member.fname%type,
  3  	last IN member.lname%type,
  4  	mem_email IN member.email%type,
  5  	mem_standing OUT member.standing%type,
  6  	status OUT boolean, -- NOTE: Check if record exists
  7  	is_expired OUT boolean)
  8  IS
  9    mem_expr member.member_expr%type;
 10  BEGIN
 11    SELECT member_expr, standing INTO mem_expr, mem_standing
 12    FROM member m
 13    WHERE first = fname
 14    AND last = lname
 15    AND mem_email = email;
 16    status := true;
 17    IF TRUNC(mem_expr) - TRUNC(SYSDATE) < 0 THEN
 18  	 is_expired := true;
 19    ELSE
 20  	 is_expired := false;
 21    END IF;
 22  EXCEPTION
 23    WHEN no_data_found THEN
 24  	 status := false;
 25  END;
 26  /

Procedure created.

SQL> show errors
No errors.
SQL> 
SQL> CREATE OR REPLACE PROCEDURE enroll_or_renew
  2    (first IN member.fname%type,
  3  	last IN member.lname%type,
  4  	mem_email IN member.email%type)
  5  IS
  6    status boolean;
  7    is_expired boolean;
  8    mem_standing member.standing%type;
  9  BEGIN
 10    get_standing_and_expiry(first, last, mem_email, mem_standing, status, is_expired);
 11    IF status THEN
 12  	 IF is_expired AND mem_standing = 'good' THEN
 13  	   UPDATE member m
 14  	   -- Extend membership one year from today
 15  	   SET member_expr = ADD_MONTHS(SYSDATE, 12)
 16  	   WHERE first = fname
 17  	   AND last = lname
 18  	   AND mem_email = email;
 19  	 END IF;
 20  	 IF NOT is_expired AND mem_standing = 'good' THEN
 21  	   UPDATE member m
 22  	   SET member_expr = ADD_MONTHS(member_expr, 12)
 23  	   WHERE first = fname
 24  	   AND last = lname
 25  	   AND mem_email = email;
 26  	 END IF;
 27    ELSE
 28  	 -- If entry doesn't already exists, add it
 29  	 IF NOT status THEN
 30  	   INSERT INTO member (member_id, fname, lname,
 31  	     email, member_expr,
 32  	     date_joined, date_of_record, standing)
 33  	   VALUES(id_seq.NEXTVAL, first, last, mem_email,
 34  	     ADD_MONTHS(SYSDATE, 12),
 35  	     SYSDATE, SYSDATE, 'good');
 36  	 END IF;
 37    END IF;
 38  END;
 39  /

Procedure created.

SQL> show errors
No errors.
SQL> execute enroll_or_renew('royal', 'tennenbaum', 'royalt@gmail.com');

PL/SQL procedure successfully completed.

SQL> commit;

Commit complete.

SQL> 
SQL> /*
SQL> * PROCEDURE 3: flag_graduated_children( ): find members all of whose children
SQL> * should have graduated by now; list their ID, first and last name.
SQL> **/
SQL> 
SQL> -- Helper function
SQL> CREATE OR REPLACE PROCEDURE get_child_dor
  2    (mem_id IN member.member_id%type,
  3  	status OUT boolean,
  4  	is_graduated OUT boolean)
  5  IS
  6    CURSOR child_cursor IS SELECT member_id, date_of_record FROM member_child;
  7    dor member_child.date_of_record%type;
  8    child_mem_id member_child.member_id%type;
  9  BEGIN
 10    is_graduated := false;
 11    status := false;
 12    OPEN child_cursor;
 13    LOOP
 14  	 FETCH child_cursor into child_mem_id, dor;
 15  	 IF TRUNC(MONTHS_BETWEEN(SYSDATE, dor)/12) >= 4
 16  	   AND child_mem_id = mem_id THEN
 17  	   is_graduated := true;
 18  	   status := true;
 19  	   EXIT;
 20  	 END IF;
 21  	 EXIT WHEN child_cursor%NOTFOUND;
 22    END LOOP;
 23    CLOSE child_cursor;
 24  END;
 25  /

Procedure created.

SQL> show errors
No errors.
SQL> 
SQL> CREATE OR REPLACE PROCEDURE flag_graduated_children
  2  IS
  3    is_graduated BOOLEAN;
  4    status BOOLEAN;
  5    first_name member.fname%type;
  6    last_name member.lname%type;
  7    mem_id member.member_id%type;
  8  BEGIN
  9    is_graduated := false;
 10    status := false;
 11    SELECT member_id, fname, lname INTO mem_id, first_name, last_name
 12    FROM member;
 13    get_child_dor(mem_id, status, is_graduated);
 14    IF status AND is_graduated THEN
 15  	 dbms_output.put_line('Flaged member for child grad: ' || mem_id || ', ' || first_name|| ', ' || last_name);
 16    END IF;
 17  EXCEPTION
 18    -- NOTE: Hacky way to ingore duplicates
 19    WHEN too_many_rows THEN
 20  	 dbms_output.put_line('Flag member for child grad: ' || mem_id || ', ' || first_name|| ', ' || last_name);
 21  END;
 22  
 23  /

Procedure created.

SQL> show errors
No errors.
SQL> execute flag_graduated_children
Flag member for child grad: 9000001, daniel, plainview                          

PL/SQL procedure successfully completed.

SQL> SET SERVEROUTPUT OFF;
SQL> 
SQL> -- END: Cleanup by dropping all tables
SQL> @cleanup
SQL> /* NOTE: This script is to quickly cleanup the schema so that the
SQL>  script file `cj_johnson.sql` can run again. */
SQL> 
SQL> drop sequence id_seq -- drop automatic ID sequence
  2  ;

Sequence dropped.

SQL> 
SQL> drop table member cascade constraints -- drop MEMBER
  2  ;

Table dropped.

SQL> 
SQL> drop table school cascade constraints -- drop SCHOOL
  2  ;

Table dropped.

SQL> 
SQL> drop table parent cascade constraints -- drop PARENT
  2  ;

Table dropped.

SQL> 
SQL> drop table board_member cascade constraints -- drop BOARD MEMBER
  2  ;

Table dropped.

SQL> 
SQL> drop table member_child cascade constraints -- drop MEMBER CHILD
  2  ;

Table dropped.

SQL> 
SQL> drop table educator cascade constraints -- drop EDUCATOR
  2  ;

Table dropped.

SQL> 
SQL> drop table volunteer_liason cascade constraints -- drop VOLUNTEER LIASON
  2  ;

Table dropped.

SQL> 
SQL> drop table liason -- drop LIASON
  2  ;

Table dropped.

SQL> 
SQL> drop table visitor -- drop VISITOR
  2  ;

Table dropped.

SQL> 
SQL> drop table non_member cascade constraints -- drop NON MEMBER
  2  ;

Table dropped.

SQL> 
SQL> drop table non_member_works_for cascade constraints -- drop NON MEMBER WORKS FOR
  2  ;

Table dropped.

SQL> 
SQL> drop table non_member_child cascade constraints -- drop NON MEMBER CHILD
  2  ;

Table dropped.

SQL> 
SQL> drop table meeting cascade constraints -- drop MEMBER
  2  ;

Table dropped.

SQL> 
SQL> 
SQL> SPOOL OFF
